#
# There is insufficient memory for the Java Runtime Environment to continue.
# Native memory allocation (malloc) failed to allocate 1586832 bytes. Error detail: Chunk::new
# Possible reasons:
#   The system is out of physical RAM or swap space
#   This process is running with CompressedOops enabled, and the Java Heap may be blocking the growth of the native heap
# Possible solutions:
#   Reduce memory load on the system
#   Increase physical memory or swap space
#   Check if swap backing store is full
#   Decrease Java heap size (-Xmx/-Xms)
#   Decrease number of Java threads
#   Decrease Java thread stack sizes (-Xss)
#   Set larger code cache with -XX:ReservedCodeCacheSize=
#   JVM is running with Unscaled Compressed Oops mode in which the Java heap is
#     placed in the first 4GB address space. The Java Heap base address is the
#     maximum limit for the native heap growth. Please use -XX:HeapBaseMinAddress
#     to set the Java Heap base and to place the Java Heap above 4GB virtual address.
# This output file may be truncated or incomplete.
#
#  Out of Memory Error (arena.cpp:168), pid=2632, tid=4280
#
# JRE version: OpenJDK Runtime Environment Microsoft-12574459 (21.0.9+10) (build 21.0.9+10-LTS)
# Java VM: OpenJDK 64-Bit Server VM Microsoft-12574459 (21.0.9+10-LTS, mixed mode, sharing, tiered, compressed oops, compressed class ptrs, g1 gc, windows-amd64)
# No core dump will be written. Minidumps are not enabled by default on client versions of Windows
#

---------------  S U M M A R Y ------------

Command Line: --add-opens=java.base/java.lang=ALL-UNNAMED --add-opens=java.base/java.lang.invoke=ALL-UNNAMED --add-opens=java.base/java.util=ALL-UNNAMED --add-opens=java.prefs/java.util.prefs=ALL-UNNAMED --add-exports=jdk.compiler/com.sun.tools.javac.api=ALL-UNNAMED --add-exports=jdk.compiler/com.sun.tools.javac.util=ALL-UNNAMED --add-opens=java.base/java.util=ALL-UNNAMED --add-opens=java.prefs/java.util.prefs=ALL-UNNAMED --add-opens=java.base/java.nio.charset=ALL-UNNAMED --add-opens=java.base/java.net=ALL-UNNAMED --add-opens=java.base/java.util.concurrent=ALL-UNNAMED --add-opens=java.base/java.util.concurrent.atomic=ALL-UNNAMED --add-opens=java.xml/javax.xml.namespace=ALL-UNNAMED --add-opens=java.base/java.time=ALL-UNNAMED -Xmx1G -Dfile.encoding=UTF-8 -Duser.country=CN -Duser.language=zh -Duser.variant -javaagent:C:\Users\Bin\.gradle\wrapper\dists\gradle-9.2.1-bin\9fgc9dy84duywbml6zqd0l4mo\gradle-9.2.1\lib\agents\gradle-instrumentation-agent-9.2.1.jar org.gradle.launcher.daemon.bootstrap.GradleDaemon 9.2.1

Host: Intel(R) Core(TM) i5-7200U CPU @ 2.50GHz, 4 cores, 7G,  Windows 10 , 64 bit Build 19041 (10.0.19041.5915)
Time: Sat Jun 27 20:58:09 2026 elapsed time: 61.056991 seconds (0d 0h 1m 1s)

---------------  T H R E A D  ---------------

Current thread (0x000001de518f47b0):  JavaThread "C2 CompilerThread0" daemon [_thread_in_native, id=4280, stack(0x000000446ad00000,0x000000446ae00000) (1024K)]


Current CompileTask:
C2:61057 8590       4       java.beans.Introspector::addMethod (241 bytes)

Stack: [0x000000446ad00000,0x000000446ae00000]
Native frames: (J=compiled Java code, j=interpreted, Vv=VM code, C=native code)
V  [jvm.dll+0x6df259]  (no source info available)
V  [jvm.dll+0x8bfe4b]  (no source info available)
V  [jvm.dll+0x8c23da]  (no source info available)
V  [jvm.dll+0x8c2ab3]  (no source info available)
V  [jvm.dll+0x28a416]  (no source info available)
V  [jvm.dll+0xc903d]  (no source info available)
V  [jvm.dll+0xc958c]  (no source info available)
V  [jvm.dll+0x3c7cfc]  (no source info available)
V  [jvm.dll+0x394452]  (no source info available)
V  [jvm.dll+0x3938aa]  (no source info available)
V  [jvm.dll+0x2520a0]  (no source info available)
V  [jvm.dll+0x2516c3]  (no source info available)
V  [jvm.dll+0x1d18cf]  (no source info available)
V  [jvm.dll+0x26138a]  (no source info available)
V  [jvm.dll+0x25f6f5]  (no source info available)
V  [jvm.dll+0x401aad]  (no source info available)
V  [jvm.dll+0x869f7d]  (no source info available)
V  [jvm.dll+0x6e080d]  (no source info available)
C  [ucrtbase.dll+0x21bb2]  (no source info available)
C  [KERNEL32.DLL+0x17374]  (no source info available)
C  [ntdll.dll+0x4cc91]  (no source info available)


---------------  P R O C E S S  ---------------

Threads class SMR info:
_java_thread_list=0x000001de51d33f30, length=49, elements={
0x000001de36931c30, 0x000001de518ee030, 0x000001de518eee30, 0x000001de518f1990,
0x000001de518f23e0, 0x000001de518f2e30, 0x000001de518f3880, 0x000001de518f47b0,
0x000001de51924bc0, 0x000001de51ae2f60, 0x000001de51b559a0, 0x000001de9732a810,
0x000001de9852ca00, 0x000001de98b9e920, 0x000001de9738ea20, 0x000001de9738f080,
0x000001de51c89b60, 0x000001de97cdfa50, 0x000001de51d087c0, 0x000001de51d0af20,
0x000001de51d0a200, 0x000001de51d0a890, 0x000001de51d08e50, 0x000001de51d094e0,
0x000001de51d09b70, 0x000001de51d08130, 0x000001de993d2950, 0x000001de993d01f0,
0x000001de993d2fe0, 0x000001de993d0880, 0x000001de993d0f10, 0x000001de993cfb60,
0x000001de993d15a0, 0x000001de993d1c30, 0x000001de993d22c0, 0x000001de993c7b40,
0x000001de993cd720, 0x000001de993c8860, 0x000001de993cbce0, 0x000001de993cca00,
0x000001de993c81d0, 0x000001de993ce440, 0x000001de993cd090, 0x000001de993cafc0,
0x000001de993cf160, 0x000001de993c8ef0, 0x000001de993ca2a0, 0x000001de993cead0,
0x000001de993c9c10
}

Java Threads: ( => current thread )
  0x000001de36931c30 JavaThread "main"                              [_thread_blocked, id=14852, stack(0x0000004469f00000,0x000000446a000000) (1024K)]
  0x000001de518ee030 JavaThread "Reference Handler"          daemon [_thread_blocked, id=7396, stack(0x000000446a700000,0x000000446a800000) (1024K)]
  0x000001de518eee30 JavaThread "Finalizer"                  daemon [_thread_blocked, id=12804, stack(0x000000446a800000,0x000000446a900000) (1024K)]
  0x000001de518f1990 JavaThread "Signal Dispatcher"          daemon [_thread_blocked, id=10456, stack(0x000000446a900000,0x000000446aa00000) (1024K)]
  0x000001de518f23e0 JavaThread "Attach Listener"            daemon [_thread_blocked, id=13148, stack(0x000000446aa00000,0x000000446ab00000) (1024K)]
  0x000001de518f2e30 JavaThread "Service Thread"             daemon [_thread_blocked, id=14032, stack(0x000000446ab00000,0x000000446ac00000) (1024K)]
  0x000001de518f3880 JavaThread "Monitor Deflation Thread"   daemon [_thread_blocked, id=14524, stack(0x000000446ac00000,0x000000446ad00000) (1024K)]
=>0x000001de518f47b0 JavaThread "C2 CompilerThread0"         daemon [_thread_in_native, id=4280, stack(0x000000446ad00000,0x000000446ae00000) (1024K)]
  0x000001de51924bc0 JavaThread "C1 CompilerThread0"         daemon [_thread_blocked, id=14816, stack(0x000000446ae00000,0x000000446af00000) (1024K)]
  0x000001de51ae2f60 JavaThread "Common-Cleaner"             daemon [_thread_blocked, id=13740, stack(0x000000446af00000,0x000000446b000000) (1024K)]
  0x000001de51b559a0 JavaThread "Notification Thread"        daemon [_thread_blocked, id=15088, stack(0x000000446b000000,0x000000446b100000) (1024K)]
  0x000001de9732a810 JavaThread "Daemon health stats"               [_thread_blocked, id=3800, stack(0x000000446b400000,0x000000446b500000) (1024K)]
  0x000001de9852ca00 JavaThread "Incoming local TCP Connector on port 58663"        [_thread_in_native, id=14440, stack(0x000000446b500000,0x000000446b600000) (1024K)]
  0x000001de98b9e920 JavaThread "Daemon periodic checks"            [_thread_blocked, id=15856, stack(0x000000446b600000,0x000000446b700000) (1024K)]
  0x000001de9738ea20 JavaThread "Daemon"                            [_thread_blocked, id=2008, stack(0x000000446b700000,0x000000446b800000) (1024K)]
  0x000001de9738f080 JavaThread "Handler for socket connection from /127.0.0.1:58663 to /127.0.0.1:58667"        [_thread_in_native, id=7724, stack(0x000000446b800000,0x000000446b900000) (1024K)]
  0x000001de51c89b60 JavaThread "Cancel handler"                    [_thread_blocked, id=3684, stack(0x000000446b900000,0x000000446ba00000) (1024K)]
  0x000001de97cdfa50 JavaThread "Daemon worker"                     [_thread_blocked, id=7824, stack(0x000000446ba00000,0x000000446bb00000) (1024K)]
  0x000001de51d087c0 JavaThread "Asynchronous log dispatcher for DefaultDaemonConnection: socket connection from /127.0.0.1:58663 to /127.0.0.1:58667"        [_thread_blocked, id=8576, stack(0x000000446bb00000,0x000000446bc00000) (1024K)]
  0x000001de51d0af20 JavaThread "Stdin handler"                     [_thread_blocked, id=14876, stack(0x000000446bc00000,0x000000446bd00000) (1024K)]
  0x000001de51d0a200 JavaThread "Daemon client event forwarder"        [_thread_blocked, id=16312, stack(0x000000446bd00000,0x000000446be00000) (1024K)]
  0x000001de51d0a890 JavaThread "Cache worker for journal cache (C:\Users\Bin\.gradle\caches\journal-1)"        [_thread_blocked, id=3504, stack(0x000000446be00000,0x000000446bf00000) (1024K)]
  0x000001de51d08e50 JavaThread "File lock request listener"        [_thread_in_native, id=14280, stack(0x000000446bf00000,0x000000446c000000) (1024K)]
  0x000001de51d094e0 JavaThread "Cache worker for file hash cache (C:\Users\Bin\.gradle\caches\9.2.1\fileHashes)"        [_thread_blocked, id=6112, stack(0x000000446c000000,0x000000446c100000) (1024K)]
  0x000001de51d09b70 JavaThread "Cache worker for file hash cache (E:\WarBorinks\Minecraft-Mods\Reaper-Chronicle\NeoForge\1.21.1-NeoForge\.gradle\9.2.1\fileHashes)"        [_thread_blocked, id=13536, stack(0x000000446c100000,0x000000446c200000) (1024K)]
  0x000001de51d08130 JavaThread "Cache worker for Build Output Cleanup Cache (E:\WarBorinks\Minecraft-Mods\Reaper-Chronicle\NeoForge\1.21.1-NeoForge\.gradle\buildOutputCleanup)"        [_thread_blocked, id=1148, stack(0x000000446c200000,0x000000446c300000) (1024K)]
  0x000001de993d2950 JavaThread "File watcher server"        daemon [_thread_in_native, id=2076, stack(0x000000446c300000,0x000000446c400000) (1024K)]
  0x000001de993d01f0 JavaThread "File watcher consumer"      daemon [_thread_blocked, id=8660, stack(0x000000446c400000,0x000000446c500000) (1024K)]
  0x000001de993d2fe0 JavaThread "jar transforms"                    [_thread_blocked, id=15632, stack(0x000000446c500000,0x000000446c600000) (1024K)]
  0x000001de993d0880 JavaThread "jar transforms Thread 2"           [_thread_blocked, id=12592, stack(0x000000446c600000,0x000000446c700000) (1024K)]
  0x000001de993d0f10 JavaThread "jar transforms Thread 3"           [_thread_blocked, id=5476, stack(0x000000446c700000,0x000000446c800000) (1024K)]
  0x000001de993cfb60 JavaThread "Cache worker for checksums cache (E:\WarBorinks\Minecraft-Mods\Reaper-Chronicle\NeoForge\1.21.1-NeoForge\.gradle\9.2.1\checksums)"        [_thread_blocked, id=9368, stack(0x000000446c800000,0x000000446c900000) (1024K)]
  0x000001de993d15a0 JavaThread "Cache worker for file content cache (C:\Users\Bin\.gradle\caches\9.2.1\fileContent)"        [_thread_blocked, id=6936, stack(0x000000446c900000,0x000000446ca00000) (1024K)]
  0x000001de993d1c30 JavaThread "Cache worker for cache directory md-supplier (C:\Users\Bin\.gradle\caches\9.2.1\md-supplier)"        [_thread_blocked, id=14880, stack(0x000000446ca00000,0x000000446cb00000) (1024K)]
  0x000001de993d22c0 JavaThread "Cache worker for cache directory md-rule (C:\Users\Bin\.gradle\caches\9.2.1\md-rule)"        [_thread_blocked, id=8772, stack(0x000000446cb00000,0x000000446cc00000) (1024K)]
  0x000001de993c7b40 JavaThread "jar transforms Thread 4"           [_thread_blocked, id=1816, stack(0x000000446cc00000,0x000000446cd00000) (1024K)]
  0x000001de993cd720 JavaThread "Unconstrained build operations"        [_thread_blocked, id=8776, stack(0x0000004469e00000,0x0000004469f00000) (1024K)]
  0x000001de993c8860 JavaThread "Unconstrained build operations Thread 2"        [_thread_blocked, id=16296, stack(0x000000446cd00000,0x000000446ce00000) (1024K)]
  0x000001de993cbce0 JavaThread "Unconstrained build operations Thread 3"        [_thread_blocked, id=1388, stack(0x000000446ce00000,0x000000446cf00000) (1024K)]
  0x000001de993cca00 JavaThread "Unconstrained build operations Thread 4"        [_thread_blocked, id=14900, stack(0x000000446cf00000,0x000000446d000000) (1024K)]
  0x000001de993c81d0 JavaThread "Unconstrained build operations Thread 5"        [_thread_blocked, id=10552, stack(0x000000446d000000,0x000000446d100000) (1024K)]
  0x000001de993ce440 JavaThread "Unconstrained build operations Thread 6"        [_thread_blocked, id=9624, stack(0x000000446d100000,0x000000446d200000) (1024K)]
  0x000001de993cd090 JavaThread "Unconstrained build operations Thread 7"        [_thread_blocked, id=9436, stack(0x000000446d200000,0x000000446d300000) (1024K)]
  0x000001de993cafc0 JavaThread "Unconstrained build operations Thread 8"        [_thread_blocked, id=8648, stack(0x000000446d300000,0x000000446d400000) (1024K)]
  0x000001de993cf160 JavaThread "Unconstrained build operations Thread 9"        [_thread_blocked, id=16068, stack(0x000000446d400000,0x000000446d500000) (1024K)]
  0x000001de993c8ef0 JavaThread "Unconstrained build operations Thread 10"        [_thread_blocked, id=2348, stack(0x000000446d500000,0x000000446d600000) (1024K)]
  0x000001de993ca2a0 JavaThread "Unconstrained build operations Thread 11"        [_thread_blocked, id=9408, stack(0x000000446d600000,0x000000446d700000) (1024K)]
  0x000001de993cead0 JavaThread "Unconstrained build operations Thread 12"        [_thread_blocked, id=12568, stack(0x000000446d700000,0x000000446d800000) (1024K)]
  0x000001de993c9c10 JavaThread "Memory manager"                    [_thread_blocked, id=1612, stack(0x000000446d800000,0x000000446d900000) (1024K)]
Total: 49

Other Threads:
  0x000001de518d0070 VMThread "VM Thread"                           [id=5956, stack(0x000000446a600000,0x000000446a700000) (1024K)]
  0x000001de518b9c10 WatcherThread "VM Periodic Task Thread"        [id=14752, stack(0x000000446a500000,0x000000446a600000) (1024K)]
  0x000001de3696ca10 WorkerThread "GC Thread#0"                     [id=13472, stack(0x000000446a000000,0x000000446a100000) (1024K)]
  0x000001de51bc4b40 WorkerThread "GC Thread#1"                     [id=2292, stack(0x000000446b100000,0x000000446b200000) (1024K)]
  0x000001de51bfdd70 WorkerThread "GC Thread#2"                     [id=15952, stack(0x000000446b200000,0x000000446b300000) (1024K)]
  0x000001de51c33ab0 WorkerThread "GC Thread#3"                     [id=16216, stack(0x000000446b300000,0x000000446b400000) (1024K)]
  0x000001de369757a0 ConcurrentGCThread "G1 Main Marker"            [id=14832, stack(0x000000446a100000,0x000000446a200000) (1024K)]
  0x000001de36976050 WorkerThread "G1 Conc#0"                       [id=10484, stack(0x000000446a200000,0x000000446a300000) (1024K)]
  0x000001de369fdd00 ConcurrentGCThread "G1 Refine#0"               [id=13440, stack(0x000000446a300000,0x000000446a400000) (1024K)]
  0x000001de369fe620 ConcurrentGCThread "G1 Service"                [id=14740, stack(0x000000446a400000,0x000000446a500000) (1024K)]
Total: 10

Threads with active compile tasks:
C2 CompilerThread0  61117 8590       4       java.beans.Introspector::addMethod (241 bytes)
Total: 1

VM state: not at safepoint (normal execution)

VM Mutex/Monitor currently owned by a thread:  ([mutex/lock_event])
[0x00007ff8e616b9b0] Heap_lock - owner thread: 0x000001de97cdfa50

Heap address: 0x00000000c0000000, size: 1024 MB, Compressed Oops mode: 32-bit

CDS archive(s) mapped at: [0x000001de52000000-0x000001de52c80000-0x000001de52c80000), size 13107200, SharedBaseAddress: 0x000001de52000000, ArchiveRelocationMode: 1.
Compressed class space mapped at: 0x000001de53000000-0x000001de93000000, reserved size: 1073741824
Narrow klass base: 0x000001de52000000, Narrow klass shift: 0, Narrow klass range: 0x100000000

GC Precious Log:
 CardTable entry size: 512
 Card Set container configuration: InlinePtr #cards 5 size 8 Array Of Cards #cards 12 size 40 Howl #buckets 4 coarsen threshold 1843 Howl Bitmap #cards 512 size 80 coarsen threshold 460 Card regions per heap region 1 cards per card region 2048
 CPUs: 4 total, 4 available
 Memory: 8073M
 Large Page Support: Disabled
 NUMA Support: Disabled
 Compressed Oops: Enabled (32-bit)
 Heap Region Size: 1M
 Heap Min Capacity: 8M
 Heap Initial Capacity: 128M
 Heap Max Capacity: 1G
 Pre-touch: Disabled
 Parallel Workers: 4
 Concurrent Workers: 1
 Concurrent Refinement Workers: 4
 Periodic GC: Disabled

Heap:
 garbage-first heap   total 95232K, used 60751K [0x00000000c0000000, 0x0000000100000000)
  region size 1024K, 4 young (4096K), 3 survivors (3072K)
 Metaspace       used 61457K, committed 63616K, reserved 1114112K
  class space    used 8926K, committed 9984K, reserved 1048576K

Heap Regions: E=young(eden), S=young(survivor), O=old, HS=humongous(starts), HC=humongous(continues), CS=collection set, F=free, TAMS=top-at-mark-start, PB=parsable bottom
|   0|0x00000000c0000000, 0x00000000c0100000, 0x00000000c0100000|100%|HS|  |TAMS 0x00000000c0100000| PB 0x00000000c0000000| Complete 
|   1|0x00000000c0100000, 0x00000000c0200000, 0x00000000c0200000|100%|HC|  |TAMS 0x00000000c0200000| PB 0x00000000c0100000| Complete 
|   2|0x00000000c0200000, 0x00000000c0300000, 0x00000000c0300000|100%|HC|  |TAMS 0x00000000c0300000| PB 0x00000000c0200000| Complete 
|   3|0x00000000c0300000, 0x00000000c0400000, 0x00000000c0400000|100%|HC|  |TAMS 0x00000000c0400000| PB 0x00000000c0300000| Complete 
|   4|0x00000000c0400000, 0x00000000c0500000, 0x00000000c0500000|100%| O|  |TAMS 0x00000000c0500000| PB 0x00000000c0400000| Untracked 
|   5|0x00000000c0500000, 0x00000000c0600000, 0x00000000c0600000|100%| O|  |TAMS 0x00000000c0600000| PB 0x00000000c0500000| Untracked 
|   6|0x00000000c0600000, 0x00000000c0700000, 0x00000000c0700000|100%| O|  |TAMS 0x00000000c0700000| PB 0x00000000c0600000| Untracked 
|   7|0x00000000c0700000, 0x00000000c0800000, 0x00000000c0800000|100%| O|  |TAMS 0x00000000c0800000| PB 0x00000000c0700000| Untracked 
|   8|0x00000000c0800000, 0x00000000c0900000, 0x00000000c0900000|100%|HS|  |TAMS 0x00000000c0900000| PB 0x00000000c0800000| Complete 
|   9|0x00000000c0900000, 0x00000000c0a00000, 0x00000000c0a00000|100%| O|  |TAMS 0x00000000c0a00000| PB 0x00000000c0900000| Untracked 
|  10|0x00000000c0a00000, 0x00000000c0b00000, 0x00000000c0b00000|100%| O|  |TAMS 0x00000000c0b00000| PB 0x00000000c0a00000| Untracked 
|  11|0x00000000c0b00000, 0x00000000c0c00000, 0x00000000c0c00000|100%| O|  |TAMS 0x00000000c0c00000| PB 0x00000000c0b00000| Untracked 
|  12|0x00000000c0c00000, 0x00000000c0d00000, 0x00000000c0d00000|100%| O|  |TAMS 0x00000000c0d00000| PB 0x00000000c0c00000| Untracked 
|  13|0x00000000c0d00000, 0x00000000c0e00000, 0x00000000c0e00000|100%| O|  |TAMS 0x00000000c0e00000| PB 0x00000000c0d00000| Untracked 
|  14|0x00000000c0e00000, 0x00000000c0f00000, 0x00000000c0f00000|100%| O|  |TAMS 0x00000000c0f00000| PB 0x00000000c0e00000| Untracked 
|  15|0x00000000c0f00000, 0x00000000c1000000, 0x00000000c1000000|100%| O|  |TAMS 0x00000000c1000000| PB 0x00000000c0f00000| Untracked 
|  16|0x00000000c1000000, 0x00000000c1100000, 0x00000000c1100000|100%| O|  |TAMS 0x00000000c1100000| PB 0x00000000c1000000| Untracked 
|  17|0x00000000c1100000, 0x00000000c1200000, 0x00000000c1200000|100%| O|  |TAMS 0x00000000c1200000| PB 0x00000000c1100000| Untracked 
|  18|0x00000000c1200000, 0x00000000c1300000, 0x00000000c1300000|100%| O|  |TAMS 0x00000000c1300000| PB 0x00000000c1200000| Untracked 
|  19|0x00000000c1300000, 0x00000000c1400000, 0x00000000c1400000|100%| O|  |TAMS 0x00000000c1400000| PB 0x00000000c1300000| Untracked 
|  20|0x00000000c1400000, 0x00000000c1500000, 0x00000000c1500000|100%| O|  |TAMS 0x00000000c1500000| PB 0x00000000c1400000| Untracked 
|  21|0x00000000c1500000, 0x00000000c1600000, 0x00000000c1600000|100%| O|  |TAMS 0x00000000c1600000| PB 0x00000000c1500000| Untracked 
|  22|0x00000000c1600000, 0x00000000c1700000, 0x00000000c1700000|100%| O|  |TAMS 0x00000000c1700000| PB 0x00000000c1600000| Untracked 
|  23|0x00000000c1700000, 0x00000000c1800000, 0x00000000c1800000|100%| O|  |TAMS 0x00000000c1800000| PB 0x00000000c1700000| Untracked 
|  24|0x00000000c1800000, 0x00000000c1900000, 0x00000000c1900000|100%| O|  |TAMS 0x00000000c1900000| PB 0x00000000c1800000| Untracked 
|  25|0x00000000c1900000, 0x00000000c1a00000, 0x00000000c1a00000|100%| O|  |TAMS 0x00000000c1a00000| PB 0x00000000c1900000| Untracked 
|  26|0x00000000c1a00000, 0x00000000c1b00000, 0x00000000c1b00000|100%| O|  |TAMS 0x00000000c1b00000| PB 0x00000000c1a00000| Untracked 
|  27|0x00000000c1b00000, 0x00000000c1c00000, 0x00000000c1c00000|100%| O|  |TAMS 0x00000000c1c00000| PB 0x00000000c1b00000| Untracked 
|  28|0x00000000c1c00000, 0x00000000c1d00000, 0x00000000c1d00000|100%| O|  |TAMS 0x00000000c1d00000| PB 0x00000000c1c00000| Untracked 
|  29|0x00000000c1d00000, 0x00000000c1e00000, 0x00000000c1e00000|100%| O|  |TAMS 0x00000000c1e00000| PB 0x00000000c1d00000| Untracked 
|  30|0x00000000c1e00000, 0x00000000c1f00000, 0x00000000c1f00000|100%| O|  |TAMS 0x00000000c1f00000| PB 0x00000000c1e00000| Untracked 
|  31|0x00000000c1f00000, 0x00000000c2000000, 0x00000000c2000000|100%| O|  |TAMS 0x00000000c2000000| PB 0x00000000c1f00000| Untracked 
|  32|0x00000000c2000000, 0x00000000c2100000, 0x00000000c2100000|100%| O|  |TAMS 0x00000000c2100000| PB 0x00000000c2000000| Untracked 
|  33|0x00000000c2100000, 0x00000000c2200000, 0x00000000c2200000|100%| O|  |TAMS 0x00000000c2200000| PB 0x00000000c2100000| Untracked 
|  34|0x00000000c2200000, 0x00000000c2300000, 0x00000000c2300000|100%| O|  |TAMS 0x00000000c2200000| PB 0x00000000c2200000| Untracked 
|  35|0x00000000c2300000, 0x00000000c2400000, 0x00000000c2400000|100%| O|  |TAMS 0x00000000c2400000| PB 0x00000000c2300000| Untracked 
|  36|0x00000000c2400000, 0x00000000c2500000, 0x00000000c2500000|100%| O|  |TAMS 0x00000000c2500000| PB 0x00000000c2400000| Untracked 
|  37|0x00000000c2500000, 0x00000000c2600000, 0x00000000c2600000|100%| O|  |TAMS 0x00000000c2600000| PB 0x00000000c2500000| Untracked 
|  38|0x00000000c2600000, 0x00000000c2700000, 0x00000000c2700000|100%| O|  |TAMS 0x00000000c2700000| PB 0x00000000c2600000| Untracked 
|  39|0x00000000c2700000, 0x00000000c2800000, 0x00000000c2800000|100%| O|  |TAMS 0x00000000c2800000| PB 0x00000000c2700000| Untracked 
|  40|0x00000000c2800000, 0x00000000c2900000, 0x00000000c2900000|100%| O|  |TAMS 0x00000000c2900000| PB 0x00000000c2800000| Untracked 
|  41|0x00000000c2900000, 0x00000000c2a00000, 0x00000000c2a00000|100%| O|  |TAMS 0x00000000c2a00000| PB 0x00000000c2900000| Untracked 
|  42|0x00000000c2a00000, 0x00000000c2b00000, 0x00000000c2b00000|100%| O|  |TAMS 0x00000000c2b00000| PB 0x00000000c2a00000| Untracked 
|  43|0x00000000c2b00000, 0x00000000c2c00000, 0x00000000c2c00000|100%| O|  |TAMS 0x00000000c2c00000| PB 0x00000000c2b00000| Untracked 
|  44|0x00000000c2c00000, 0x00000000c2d00000, 0x00000000c2d00000|100%| O|  |TAMS 0x00000000c2d00000| PB 0x00000000c2c00000| Untracked 
|  45|0x00000000c2d00000, 0x00000000c2e00000, 0x00000000c2e00000|100%| O|  |TAMS 0x00000000c2e00000| PB 0x00000000c2d00000| Untracked 
|  46|0x00000000c2e00000, 0x00000000c2f00000, 0x00000000c2f00000|100%| O|  |TAMS 0x00000000c2f00000| PB 0x00000000c2e00000| Untracked 
|  47|0x00000000c2f00000, 0x00000000c3000000, 0x00000000c3000000|100%| O|  |TAMS 0x00000000c3000000| PB 0x00000000c2f00000| Untracked 
|  48|0x00000000c3000000, 0x00000000c3100000, 0x00000000c3100000|100%| O|  |TAMS 0x00000000c3000000| PB 0x00000000c3000000| Untracked 
|  49|0x00000000c3100000, 0x00000000c3200000, 0x00000000c3200000|100%| O|  |TAMS 0x00000000c3200000| PB 0x00000000c3100000| Untracked 
|  50|0x00000000c3200000, 0x00000000c3300000, 0x00000000c3300000|100%| O|  |TAMS 0x00000000c3300000| PB 0x00000000c3200000| Untracked 
|  51|0x00000000c3300000, 0x00000000c3400000, 0x00000000c3400000|100%| O|  |TAMS 0x00000000c3400000| PB 0x00000000c3300000| Untracked 
|  52|0x00000000c3400000, 0x00000000c3500000, 0x00000000c3500000|100%|HS|  |TAMS 0x00000000c3500000| PB 0x00000000c3400000| Complete 
|  53|0x00000000c3500000, 0x00000000c3600000, 0x00000000c3600000|100%|HC|  |TAMS 0x00000000c3600000| PB 0x00000000c3500000| Complete 
|  54|0x00000000c3600000, 0x00000000c36c3360, 0x00000000c3700000| 76%| O|  |TAMS 0x00000000c3600000| PB 0x00000000c3600000| Untracked 
|  55|0x00000000c3700000, 0x00000000c3700000, 0x00000000c3800000|  0%| F|  |TAMS 0x00000000c3700000| PB 0x00000000c3700000| Untracked 
|  56|0x00000000c3800000, 0x00000000c3800000, 0x00000000c3900000|  0%| F|  |TAMS 0x00000000c3800000| PB 0x00000000c3800000| Untracked 
|  57|0x00000000c3900000, 0x00000000c3900000, 0x00000000c3a00000|  0%| F|  |TAMS 0x00000000c3900000| PB 0x00000000c3900000| Untracked 
|  58|0x00000000c3a00000, 0x00000000c3a00000, 0x00000000c3b00000|  0%| F|  |TAMS 0x00000000c3a00000| PB 0x00000000c3a00000| Untracked 
|  59|0x00000000c3b00000, 0x00000000c3b00000, 0x00000000c3c00000|  0%| F|  |TAMS 0x00000000c3b00000| PB 0x00000000c3b00000| Untracked 
|  60|0x00000000c3c00000, 0x00000000c3c90a60, 0x00000000c3d00000| 56%| S|CS|TAMS 0x00000000c3c00000| PB 0x00000000c3c00000| Complete 
|  61|0x00000000c3d00000, 0x00000000c3e00000, 0x00000000c3e00000|100%| S|CS|TAMS 0x00000000c3d00000| PB 0x00000000c3d00000| Complete 
|  62|0x00000000c3e00000, 0x00000000c3f00000, 0x00000000c3f00000|100%| S|CS|TAMS 0x00000000c3e00000| PB 0x00000000c3e00000| Complete 
|  63|0x00000000c3f00000, 0x00000000c3f00000, 0x00000000c4000000|  0%| F|  |TAMS 0x00000000c3f00000| PB 0x00000000c3f00000| Untracked 
|  64|0x00000000c4000000, 0x00000000c4000000, 0x00000000c4100000|  0%| F|  |TAMS 0x00000000c4000000| PB 0x00000000c4000000| Untracked 
|  65|0x00000000c4100000, 0x00000000c4100000, 0x00000000c4200000|  0%| F|  |TAMS 0x00000000c4100000| PB 0x00000000c4100000| Untracked 
|  66|0x00000000c4200000, 0x00000000c4200000, 0x00000000c4300000|  0%| F|  |TAMS 0x00000000c4200000| PB 0x00000000c4200000| Untracked 
|  67|0x00000000c4300000, 0x00000000c4300000, 0x00000000c4400000|  0%| F|  |TAMS 0x00000000c4300000| PB 0x00000000c4300000| Untracked 
|  68|0x00000000c4400000, 0x00000000c4400000, 0x00000000c4500000|  0%| F|  |TAMS 0x00000000c4400000| PB 0x00000000c4400000| Untracked 
|  69|0x00000000c4500000, 0x00000000c4500000, 0x00000000c4600000|  0%| F|  |TAMS 0x00000000c4500000| PB 0x00000000c4500000| Untracked 
|  70|0x00000000c4600000, 0x00000000c4600000, 0x00000000c4700000|  0%| F|  |TAMS 0x00000000c4600000| PB 0x00000000c4600000| Untracked 
|  71|0x00000000c4700000, 0x00000000c4700000, 0x00000000c4800000|  0%| F|  |TAMS 0x00000000c4700000| PB 0x00000000c4700000| Untracked 
|  72|0x00000000c4800000, 0x00000000c4800000, 0x00000000c4900000|  0%| F|  |TAMS 0x00000000c4800000| PB 0x00000000c4800000| Untracked 
|  73|0x00000000c4900000, 0x00000000c4900000, 0x00000000c4a00000|  0%| F|  |TAMS 0x00000000c4900000| PB 0x00000000c4900000| Untracked 
|  74|0x00000000c4a00000, 0x00000000c4a00000, 0x00000000c4b00000|  0%| F|  |TAMS 0x00000000c4a00000| PB 0x00000000c4a00000| Untracked 
|  75|0x00000000c4b00000, 0x00000000c4b00000, 0x00000000c4c00000|  0%| F|  |TAMS 0x00000000c4b00000| PB 0x00000000c4b00000| Untracked 
|  76|0x00000000c4c00000, 0x00000000c4c00000, 0x00000000c4d00000|  0%| F|  |TAMS 0x00000000c4c00000| PB 0x00000000c4c00000| Untracked 
|  77|0x00000000c4d00000, 0x00000000c4d00000, 0x00000000c4e00000|  0%| F|  |TAMS 0x00000000c4d00000| PB 0x00000000c4d00000| Untracked 
|  78|0x00000000c4e00000, 0x00000000c4e00000, 0x00000000c4f00000|  0%| F|  |TAMS 0x00000000c4e00000| PB 0x00000000c4e00000| Untracked 
|  79|0x00000000c4f00000, 0x00000000c4f00000, 0x00000000c5000000|  0%| F|  |TAMS 0x00000000c4f00000| PB 0x00000000c4f00000| Untracked 
|  80|0x00000000c5000000, 0x00000000c5000000, 0x00000000c5100000|  0%| F|  |TAMS 0x00000000c5000000| PB 0x00000000c5000000| Untracked 
|  81|0x00000000c5100000, 0x00000000c5100000, 0x00000000c5200000|  0%| F|  |TAMS 0x00000000c5100000| PB 0x00000000c5100000| Untracked 
|  82|0x00000000c5200000, 0x00000000c5200000, 0x00000000c5300000|  0%| F|  |TAMS 0x00000000c5200000| PB 0x00000000c5200000| Untracked 
|  83|0x00000000c5300000, 0x00000000c5300000, 0x00000000c5400000|  0%| F|  |TAMS 0x00000000c5300000| PB 0x00000000c5300000| Untracked 
|  84|0x00000000c5400000, 0x00000000c5400000, 0x00000000c5500000|  0%| F|  |TAMS 0x00000000c5400000| PB 0x00000000c5400000| Untracked 
|  85|0x00000000c5500000, 0x00000000c5500000, 0x00000000c5600000|  0%| F|  |TAMS 0x00000000c5500000| PB 0x00000000c5500000| Untracked 
|  86|0x00000000c5600000, 0x00000000c5600000, 0x00000000c5700000|  0%| F|  |TAMS 0x00000000c5600000| PB 0x00000000c5600000| Untracked 
|  87|0x00000000c5700000, 0x00000000c5700000, 0x00000000c5800000|  0%| F|  |TAMS 0x00000000c5700000| PB 0x00000000c5700000| Untracked 
| 109|0x00000000c6d00000, 0x00000000c6d00000, 0x00000000c6e00000|  0%| F|  |TAMS 0x00000000c6d00000| PB 0x00000000c6d00000| Untracked 
| 110|0x00000000c6e00000, 0x00000000c6e00000, 0x00000000c6f00000|  0%| F|  |TAMS 0x00000000c6e00000| PB 0x00000000c6e00000| Untracked 
| 127|0x00000000c7f00000, 0x00000000c7f80000, 0x00000000c8000000| 50%| E|  |TAMS 0x00000000c7f00000| PB 0x00000000c7f00000| Complete 
|1022|0x00000000ffe00000, 0x00000000fff00000, 0x00000000fff00000|100%| O|  |TAMS 0x00000000fff00000| PB 0x00000000ffe00000| Untracked 
|1023|0x00000000fff00000, 0x0000000100000000, 0x0000000100000000|100%| O|  |TAMS 0x0000000100000000| PB 0x00000000fff00000| Untracked 

Card table byte_map: [0x000001de4e250000,0x000001de4e450000] _byte_map_base: 0x000001de4dc50000

Marking Bits: (CMBitMap*) 0x000001de3696cec0
 Bits: [0x000001de4e450000, 0x000001de4f450000)

Polling page: 0x000001de34800000

Metaspace:

Usage:
  Non-class:     51.30 MB used.
      Class:      8.72 MB used.
       Both:     60.02 MB used.

Virtual space:
  Non-class space:       64.00 MB reserved,      52.38 MB ( 82%) committed,  1 nodes.
      Class space:        1.00 GB reserved,       9.75 MB ( <1%) committed,  1 nodes.
             Both:        1.06 GB reserved,      62.12 MB (  6%) committed. 

Chunk freelists:
   Non-Class:  11.44 MB
       Class:  6.16 MB
        Both:  17.60 MB

MaxMetaspaceSize: unlimited
CompressedClassSpaceSize: 1.00 GB
Initial GC threshold: 21.00 MB
Current GC threshold: 94.81 MB
CDS: on
 - commit_granule_bytes: 65536.
 - commit_granule_words: 8192.
 - virtual_space_node_default_size: 8388608.
 - enlarge_chunks_in_place: 1.
 - use_allocation_guard: 0.


Internal statistics:

num_allocs_failed_limit: 6.
num_arena_births: 3922.
num_arena_deaths: 0.
num_vsnodes_births: 2.
num_vsnodes_deaths: 0.
num_space_committed: 994.
num_space_uncommitted: 0.
num_chunks_returned_to_freelist: 6.
num_chunks_taken_from_freelist: 7022.
num_chunk_merges: 6.
num_chunk_splits: 4489.
num_chunks_enlarged: 2642.
num_inconsistent_stats: 0.

CodeHeap 'non-profiled nmethods': size=120000Kb used=4265Kb max_used=4265Kb free=115734Kb
 bounds [0x000001de46b20000, 0x000001de46f60000, 0x000001de4e050000]
CodeHeap 'profiled nmethods': size=120000Kb used=14699Kb max_used=14750Kb free=105300Kb
 bounds [0x000001de3f050000, 0x000001de3fed0000, 0x000001de46580000]
CodeHeap 'non-nmethods': size=5760Kb used=2632Kb max_used=2720Kb free=3127Kb
 bounds [0x000001de46580000, 0x000001de46840000, 0x000001de46b20000]
CodeCache: size=245760Kb, used=21596Kb, max_used=21735Kb, free=224161Kb
 total_blobs=8437, nmethods=7536, adapters=805, full_count=0
Compilation: enabled, stopped_count=0, restarted_count=0

Compilation events (20 events):
Event: 60.852 Thread 0x000001de51924bc0 8594       3       java.lang.invoke.MethodHandleImpl$CountingWrapper::<init> (46 bytes)
Event: 60.852 Thread 0x000001de51924bc0 nmethod 8594 0x000001de3f49ce90 code [0x000001de3f49d060, 0x000001de3f49d448]
Event: 60.852 Thread 0x000001de51924bc0 8595       1       java.lang.invoke.MethodHandleImpl$CountingWrapper::getTarget (5 bytes)
Event: 60.853 Thread 0x000001de51924bc0 nmethod 8595 0x000001de46caba10 code [0x000001de46cabba0, 0x000001de46cabc68]
Event: 60.856 Thread 0x000001de518f47b0 nmethod 8591 0x000001de46c74a90 code [0x000001de46c74c40, 0x000001de46c75008]
Event: 60.857 Thread 0x000001de518f47b0 8590       4       java.beans.Introspector::addMethod (241 bytes)
Event: 60.857 Thread 0x000001de51924bc0 8596       3       groovy.lang.MetaClassImpl$1::skipClass (17 bytes)
Event: 60.857 Thread 0x000001de51924bc0 nmethod 8596 0x000001de3f4c8d90 code [0x000001de3f4c8f40, 0x000001de3f4c90a8]
Event: 60.864 Thread 0x000001de51924bc0 8599       3       org.codehaus.groovy.reflection.CachedClass$1::initValue (5 bytes)
Event: 60.865 Thread 0x000001de51924bc0 nmethod 8599 0x000001de3f4c7c90 code [0x000001de3f4c7f00, 0x000001de3f4c89b0]
Event: 60.865 Thread 0x000001de51924bc0 8600       3       org.codehaus.groovy.reflection.CachedClass$1$$Lambda/0x000001de53608a88::run (8 bytes)
Event: 60.865 Thread 0x000001de51924bc0 nmethod 8600 0x000001de3f4c7890 code [0x000001de3f4c7a40, 0x000001de3f4c7b80]
Event: 60.866 Thread 0x000001de51924bc0 8601       3       org.codehaus.groovy.reflection.CachedClass$1$$Lambda/0x000001de53609140::apply (5 bytes)
Event: 60.866 Thread 0x000001de51924bc0 nmethod 8601 0x000001de3f4c7410 code [0x000001de3f4c75c0, 0x000001de3f4c77b8]
Event: 60.873 Thread 0x000001de51924bc0 8602       3       org.codehaus.groovy.reflection.ClassInfo::createCachedClass (514 bytes)
Event: 60.875 Thread 0x000001de51924bc0 nmethod 8602 0x000001de3f1f3290 code [0x000001de3f1f3820, 0x000001de3f1f60d0]
Event: 60.877 Thread 0x000001de51924bc0 8604 %     3       java.lang.Class::privateGetPublicMethods @ 43 (224 bytes)
Event: 60.879 Thread 0x000001de51924bc0 nmethod 8604% 0x000001de3f3fef10 code [0x000001de3f3ff200, 0x000001de3f4000b8]
Event: 60.879 Thread 0x000001de51924bc0 8605       3       java.lang.Class::privateGetPublicMethods (224 bytes)
Event: 60.880 Thread 0x000001de51924bc0 nmethod 8605 0x000001de3f64e790 code [0x000001de3f64ea60, 0x000001de3f64f718]

GC Heap History (20 events):
Event: 28.070 GC heap before
{Heap before GC invocations=10 (full 0):
 garbage-first heap   total 86016K, used 74983K [0x00000000c0000000, 0x0000000100000000)
  region size 1024K, 45 young (46080K), 2 survivors (2048K)
 Metaspace       used 40804K, committed 42304K, reserved 1114112K
  class space    used 5847K, committed 6592K, reserved 1048576K
}
Event: 28.079 GC heap after
{Heap after GC invocations=11 (full 0):
 garbage-first heap   total 86016K, used 36615K [0x00000000c0000000, 0x0000000100000000)
  region size 1024K, 6 young (6144K), 6 survivors (6144K)
 Metaspace       used 40804K, committed 42304K, reserved 1114112K
  class space    used 5847K, committed 6592K, reserved 1048576K
}
Event: 29.740 GC heap before
{Heap before GC invocations=11 (full 0):
 garbage-first heap   total 86016K, used 75527K [0x00000000c0000000, 0x0000000100000000)
  region size 1024K, 44 young (45056K), 6 survivors (6144K)
 Metaspace       used 44251K, committed 45952K, reserved 1114112K
  class space    used 6405K, committed 7232K, reserved 1048576K
}
Event: 29.755 GC heap after
{Heap after GC invocations=12 (full 0):
 garbage-first heap   total 87040K, used 39843K [0x00000000c0000000, 0x0000000100000000)
  region size 1024K, 4 young (4096K), 4 survivors (4096K)
 Metaspace       used 44251K, committed 45952K, reserved 1114112K
  class space    used 6405K, committed 7232K, reserved 1048576K
}
Event: 35.186 GC heap before
{Heap before GC invocations=12 (full 0):
 garbage-first heap   total 87040K, used 75683K [0x00000000c0000000, 0x0000000100000000)
  region size 1024K, 39 young (39936K), 4 survivors (4096K)
 Metaspace       used 48267K, committed 50176K, reserved 1114112K
  class space    used 7072K, committed 8000K, reserved 1048576K
}
Event: 35.204 GC heap after
{Heap after GC invocations=13 (full 0):
 garbage-first heap   total 87040K, used 41511K [0x00000000c0000000, 0x0000000100000000)
  region size 1024K, 2 young (2048K), 2 survivors (2048K)
 Metaspace       used 48267K, committed 50176K, reserved 1114112K
  class space    used 7072K, committed 8000K, reserved 1048576K
}
Event: 37.993 GC heap before
{Heap before GC invocations=13 (full 0):
 garbage-first heap   total 87040K, used 78375K [0x00000000c0000000, 0x0000000100000000)
  region size 1024K, 38 young (38912K), 2 survivors (2048K)
 Metaspace       used 51546K, committed 53632K, reserved 1114112K
  class space    used 7623K, committed 8640K, reserved 1048576K
}
Event: 38.004 GC heap after
{Heap after GC invocations=14 (full 0):
 garbage-first heap   total 87040K, used 44132K [0x00000000c0000000, 0x0000000100000000)
  region size 1024K, 5 young (5120K), 5 survivors (5120K)
 Metaspace       used 51546K, committed 53632K, reserved 1114112K
  class space    used 7623K, committed 8640K, reserved 1048576K
}
Event: 44.370 GC heap before
{Heap before GC invocations=15 (full 0):
 garbage-first heap   total 87040K, used 76900K [0x00000000c0000000, 0x0000000100000000)
  region size 1024K, 38 young (38912K), 5 survivors (5120K)
 Metaspace       used 52694K, committed 54720K, reserved 1114112K
  class space    used 7711K, committed 8704K, reserved 1048576K
}
Event: 44.386 GC heap after
{Heap after GC invocations=16 (full 0):
 garbage-first heap   total 87040K, used 46633K [0x00000000c0000000, 0x0000000100000000)
  region size 1024K, 3 young (3072K), 3 survivors (3072K)
 Metaspace       used 52694K, committed 54720K, reserved 1114112K
  class space    used 7711K, committed 8704K, reserved 1048576K
}
Event: 47.346 GC heap before
{Heap before GC invocations=16 (full 0):
 garbage-first heap   total 87040K, used 77353K [0x00000000c0000000, 0x0000000100000000)
  region size 1024K, 34 young (34816K), 3 survivors (3072K)
 Metaspace       used 53248K, committed 55296K, reserved 1114112K
  class space    used 7727K, committed 8704K, reserved 1048576K
}
Event: 47.359 GC heap after
{Heap after GC invocations=17 (full 0):
 garbage-first heap   total 87040K, used 47858K [0x00000000c0000000, 0x0000000100000000)
  region size 1024K, 4 young (4096K), 4 survivors (4096K)
 Metaspace       used 53248K, committed 55296K, reserved 1114112K
  class space    used 7727K, committed 8704K, reserved 1048576K
}
Event: 51.426 GC heap before
{Heap before GC invocations=17 (full 0):
 garbage-first heap   total 87040K, used 78578K [0x00000000c0000000, 0x0000000100000000)
  region size 1024K, 35 young (35840K), 4 survivors (4096K)
 Metaspace       used 56209K, committed 58240K, reserved 1114112K
  class space    used 8279K, committed 9280K, reserved 1048576K
}
Event: 51.449 GC heap after
{Heap after GC invocations=18 (full 0):
 garbage-first heap   total 87040K, used 49945K [0x00000000c0000000, 0x0000000100000000)
  region size 1024K, 4 young (4096K), 4 survivors (4096K)
 Metaspace       used 56209K, committed 58240K, reserved 1114112K
  class space    used 8279K, committed 9280K, reserved 1048576K
}
Event: 58.271 GC heap before
{Heap before GC invocations=19 (full 0):
 garbage-first heap   total 89088K, used 85785K [0x00000000c0000000, 0x0000000100000000)
  region size 1024K, 33 young (33792K), 4 survivors (4096K)
 Metaspace       used 58168K, committed 60288K, reserved 1114112K
  class space    used 8460K, committed 9472K, reserved 1048576K
}
Event: 58.281 GC heap after
{Heap after GC invocations=20 (full 0):
 garbage-first heap   total 95232K, used 55686K [0x00000000c0000000, 0x0000000100000000)
  region size 1024K, 5 young (5120K), 5 survivors (5120K)
 Metaspace       used 58168K, committed 60288K, reserved 1114112K
  class space    used 8460K, committed 9472K, reserved 1048576K
}
Event: 58.960 GC heap before
{Heap before GC invocations=20 (full 0):
 garbage-first heap   total 95232K, used 85382K [0x00000000c0000000, 0x0000000100000000)
  region size 1024K, 34 young (34816K), 5 survivors (5120K)
 Metaspace       used 59705K, committed 61888K, reserved 1114112K
  class space    used 8672K, committed 9728K, reserved 1048576K
}
Event: 58.980 GC heap after
{Heap after GC invocations=21 (full 0):
 garbage-first heap   total 95232K, used 58335K [0x00000000c0000000, 0x0000000100000000)
  region size 1024K, 3 young (3072K), 3 survivors (3072K)
 Metaspace       used 59705K, committed 61888K, reserved 1114112K
  class space    used 8672K, committed 9728K, reserved 1048576K
}
Event: 60.882 GC heap before
{Heap before GC invocations=21 (full 0):
 garbage-first heap   total 95232K, used 87007K [0x00000000c0000000, 0x0000000100000000)
  region size 1024K, 31 young (31744K), 3 survivors (3072K)
 Metaspace       used 61457K, committed 63616K, reserved 1114112K
  class space    used 8926K, committed 9984K, reserved 1048576K
}
Event: 60.900 GC heap after
{Heap after GC invocations=22 (full 0):
 garbage-first heap   total 95232K, used 60751K [0x00000000c0000000, 0x0000000100000000)
  region size 1024K, 3 young (3072K), 3 survivors (3072K)
 Metaspace       used 61457K, committed 63616K, reserved 1114112K
  class space    used 8926K, committed 9984K, reserved 1048576K
}

Dll operation events (15 events):
Event: 0.018 Loaded shared library E:\Java\jdk21\bin\java.dll
Event: 0.121 Loaded shared library E:\Java\jdk21\bin\jsvml.dll
Event: 0.221 Loaded shared library E:\Java\jdk21\bin\zip.dll
Event: 0.233 Loaded shared library E:\Java\jdk21\bin\instrument.dll
Event: 0.247 Loaded shared library E:\Java\jdk21\bin\net.dll
Event: 0.252 Loaded shared library E:\Java\jdk21\bin\nio.dll
Event: 0.256 Loaded shared library E:\Java\jdk21\bin\zip.dll
Event: 1.658 Loaded shared library E:\Java\jdk21\bin\jimage.dll
Event: 2.672 Loaded shared library E:\Java\jdk21\bin\verify.dll
Event: 2.752 Loaded shared library C:\Users\Bin\.gradle\native\660c5614fbf4a5f2a75b1949f50a0caf5cd603558e7d8a26e50b933a0cfb79d1\windows-amd64\native-platform.dll
Event: 2.778 Loaded shared library C:\Users\Bin\.gradle\native\0.2.8\x86_64-windows-gnu\gradle-fileevents.dll
Event: 8.509 Loaded shared library E:\Java\jdk21\bin\management.dll
Event: 8.522 Loaded shared library E:\Java\jdk21\bin\management_ext.dll
Event: 9.658 Loaded shared library E:\Java\jdk21\bin\extnet.dll
Event: 13.306 Loaded shared library E:\Java\jdk21\bin\sunmscapi.dll

Deoptimization events (20 events):
Event: 58.516 Thread 0x000001de97cdfa50 DEOPT PACKING pc=0x000001de3f18f90a sp=0x000000446baf3d00
Event: 58.516 Thread 0x000001de97cdfa50 DEOPT UNPACKING pc=0x000001de465d4bc2 sp=0x000000446baf31e0 mode 0
Event: 58.682 Thread 0x000001de97cdfa50 Uncommon trap: trap_request=0xffffff45 fr.pc=0x000001de46cb07ec relative=0x000000000000022c
Event: 58.682 Thread 0x000001de97cdfa50 Uncommon trap: reason=unstable_if action=reinterpret pc=0x000001de46cb07ec method=java.lang.invoke.MethodType.equals(Ljava/lang/invoke/MethodType;)Z @ 8 c2
Event: 58.682 Thread 0x000001de97cdfa50 DEOPT PACKING pc=0x000001de46cb07ec sp=0x000000446baf3790
Event: 58.683 Thread 0x000001de97cdfa50 DEOPT UNPACKING pc=0x000001de465d4422 sp=0x000000446baf36d0 mode 2
Event: 58.706 Thread 0x000001de97cdfa50 DEOPT PACKING pc=0x000001de3fc82861 sp=0x000000446baf2d70
Event: 58.706 Thread 0x000001de97cdfa50 DEOPT UNPACKING pc=0x000001de465d4bc2 sp=0x000000446baf2280 mode 0
Event: 59.684 Thread 0x000001de97cdfa50 Uncommon trap: trap_request=0xffffff45 fr.pc=0x000001de46cb6d54 relative=0x0000000000000414
Event: 59.684 Thread 0x000001de97cdfa50 Uncommon trap: reason=unstable_if action=reinterpret pc=0x000001de46cb6d54 method=com.google.common.reflect.TypeResolver$TypeVariableKey.equalsTypeVariable(Ljava/lang/reflect/TypeVariable;)Z @ 41 c2
Event: 59.684 Thread 0x000001de97cdfa50 DEOPT PACKING pc=0x000001de46cb6d54 sp=0x000000446baf5510
Event: 59.684 Thread 0x000001de97cdfa50 DEOPT UNPACKING pc=0x000001de465d4422 sp=0x000000446baf5440 mode 2
Event: 59.684 Thread 0x000001de97cdfa50 Uncommon trap: trap_request=0xffffff45 fr.pc=0x000001de46efc18c relative=0x00000000000003cc
Event: 59.684 Thread 0x000001de97cdfa50 Uncommon trap: reason=unstable_if action=reinterpret pc=0x000001de46efc18c method=com.google.common.reflect.TypeResolver$TypeVariableKey.equalsTypeVariable(Ljava/lang/reflect/TypeVariable;)Z @ 41 c2
Event: 59.684 Thread 0x000001de97cdfa50 DEOPT PACKING pc=0x000001de46efc18c sp=0x000000446baf54a0
Event: 59.684 Thread 0x000001de97cdfa50 DEOPT UNPACKING pc=0x000001de465d4422 sp=0x000000446baf5450 mode 2
Event: 60.880 Thread 0x000001de97cdfa50 DEOPT PACKING pc=0x000001de3f44b0d7 sp=0x000000446baf6400
Event: 60.880 Thread 0x000001de97cdfa50 DEOPT UNPACKING pc=0x000001de465d4bc2 sp=0x000000446baf58f0 mode 0
Event: 60.880 Thread 0x000001de97cdfa50 DEOPT PACKING pc=0x000001de3faa84ba sp=0x000000446baf6920
Event: 60.880 Thread 0x000001de97cdfa50 DEOPT UNPACKING pc=0x000001de465d4bc2 sp=0x000000446baf5dd8 mode 0

Classes loaded (20 events):
Event: 57.445 Loading class java/util/LinkedHashMapCustomizer
Event: 57.445 Loading class java/util/LinkedHashMapCustomizer done
Event: 57.446 Loading class java/util/LinkedHashMapCustomizer
Event: 57.446 Loading class java/util/LinkedHashMapCustomizer done
Event: 57.894 Loading class sun/reflect/MagicAccessorImpl
Event: 57.894 Loading class sun/reflect/MagicAccessorImpl done
Event: 58.669 Loading class java/util/function/BooleanSupplier
Event: 58.670 Loading class java/util/function/BooleanSupplier done
Event: 58.674 Loading class java/lang/EnumBeanInfo
Event: 58.674 Loading class java/lang/EnumBeanInfo done
Event: 58.675 Loading class java/lang/EnumBeanInfo
Event: 58.675 Loading class java/lang/EnumBeanInfo done
Event: 58.675 Loading class java/lang/EnumCustomizer
Event: 58.675 Loading class java/lang/EnumCustomizer done
Event: 58.675 Loading class java/lang/EnumCustomizer
Event: 58.675 Loading class java/lang/EnumCustomizer done
Event: 58.757 Loading class javax/xml/stream/XMLStreamException
Event: 58.758 Loading class javax/xml/stream/XMLStreamException done
Event: 60.364 Loading class sun/reflect/generics/tree/LongSignature
Event: 60.365 Loading class sun/reflect/generics/tree/LongSignature done

Classes unloaded (0 events):
No events

Classes redefined (0 events):
No events

Internal exceptions (20 events):
Event: 60.569 Thread 0x000001de97cdfa50 Exception <a 'java/lang/ClassNotFoundException'{0x00000000c43bbca0}: org/gradle/api/internal/tasks/DefaultTaskContainer$TaskCreatingProvider_DecoratedBeanInfo> (0x00000000c43bbca0) 
thrown [s\src\hotspot\share\classfile\systemDictionary.cpp, line 312]
Event: 60.577 Thread 0x000001de97cdfa50 Exception <a 'java/lang/ClassNotFoundException'{0x00000000c43d1488}: org/gradle/api/internal/tasks/DefaultTaskContainer$TaskCreatingProviderBeanInfo> (0x00000000c43d1488) 
thrown [s\src\hotspot\share\classfile\systemDictionary.cpp, line 312]
Event: 60.582 Thread 0x000001de97cdfa50 Exception <a 'java/lang/ClassNotFoundException'{0x00000000c43e75c8}: org/gradle/api/internal/DefaultNamedDomainObjectCollection$AbstractDomainObjectCreatingProviderBeanInfo> (0x00000000c43e75c8) 
thrown [s\src\hotspot\share\classfile\systemDictionary.cpp, line 312]
Event: 60.585 Thread 0x000001de97cdfa50 Exception <a 'java/lang/ClassNotFoundException'{0x00000000c43fd490}: org/gradle/api/internal/DefaultNamedDomainObjectCollection$AbstractNamedDomainObjectProviderBeanInfo> (0x00000000c43fd490) 
thrown [s\src\hotspot\share\classfile\systemDictionary.cpp, line 312]
Event: 60.588 Thread 0x000001de97cdfa50 Exception <a 'java/lang/ClassNotFoundException'{0x00000000c42128b0}: org/gradle/api/internal/provider/AbstractMinimalProviderBeanInfo> (0x00000000c42128b0) 
thrown [s\src\hotspot\share\classfile\systemDictionary.cpp, line 312]
Event: 60.592 Thread 0x000001de97cdfa50 Exception <a 'java/lang/ClassNotFoundException'{0x00000000c4227a50}: org/gradle/api/internal/provider/AbstractMinimalProviderCustomizer> (0x00000000c4227a50) 
thrown [s\src\hotspot\share\classfile\systemDictionary.cpp, line 312]
Event: 60.646 Thread 0x000001de97cdfa50 Exception <a 'java/lang/ClassNotFoundException'{0x00000000c425c308}: org/gradle/api/internal/DefaultNamedDomainObjectCollection$AbstractNamedDomainObjectProviderCustomizer> (0x00000000c425c308) 
thrown [s\src\hotspot\share\classfile\systemDictionary.cpp, line 312]
Event: 60.649 Thread 0x000001de97cdfa50 Exception <a 'java/lang/ClassNotFoundException'{0x00000000c4281870}: org/gradle/api/internal/DefaultNamedDomainObjectCollection$AbstractDomainObjectCreatingProviderCustomizer> (0x00000000c4281870) 
thrown [s\src\hotspot\share\classfile\systemDictionary.cpp, line 312]
Event: 60.651 Thread 0x000001de97cdfa50 Exception <a 'java/lang/ClassNotFoundException'{0x00000000c42a11d8}: org/gradle/api/internal/tasks/DefaultTaskContainer$TaskCreatingProviderCustomizer> (0x00000000c42a11d8) 
thrown [s\src\hotspot\share\classfile\systemDictionary.cpp, line 312]
Event: 60.654 Thread 0x000001de97cdfa50 Exception <a 'java/lang/ClassNotFoundException'{0x00000000c42bf2b8}: org/gradle/api/internal/tasks/DefaultTaskContainer$TaskCreatingProvider_DecoratedCustomizer> (0x00000000c42bf2b8) 
thrown [s\src\hotspot\share\classfile\systemDictionary.cpp, line 312]
Event: 60.677 Thread 0x000001de97cdfa50 Exception <a 'java/lang/ClassNotFoundException'{0x00000000c4154880}: org/gradle/api/internal/tasks/DefaultSourceSetContainer_DecoratedBeanInfo> (0x00000000c4154880) 
thrown [s\src\hotspot\share\classfile\systemDictionary.cpp, line 312]
Event: 60.679 Thread 0x000001de97cdfa50 Exception <a 'java/lang/ClassNotFoundException'{0x00000000c416bce8}: org/gradle/api/internal/tasks/DefaultSourceSetContainerBeanInfo> (0x00000000c416bce8) 
thrown [s\src\hotspot\share\classfile\systemDictionary.cpp, line 312]
Event: 60.684 Thread 0x000001de97cdfa50 Exception <a 'java/lang/ClassNotFoundException'{0x00000000c4181478}: org/gradle/api/internal/AbstractValidatingNamedDomainObjectContainerBeanInfo> (0x00000000c4181478) 
thrown [s\src\hotspot\share\classfile\systemDictionary.cpp, line 312]
Event: 60.688 Thread 0x000001de97cdfa50 Exception <a 'java/lang/ClassNotFoundException'{0x00000000c4196a10}: org/gradle/api/internal/AbstractValidatingNamedDomainObjectContainerCustomizer> (0x00000000c4196a10) 
thrown [s\src\hotspot\share\classfile\systemDictionary.cpp, line 312]
Event: 60.691 Thread 0x000001de97cdfa50 Exception <a 'java/lang/ClassNotFoundException'{0x00000000c41bc2a0}: org/gradle/api/internal/tasks/DefaultSourceSetContainerCustomizer> (0x00000000c41bc2a0) 
thrown [s\src\hotspot\share\classfile\systemDictionary.cpp, line 312]
Event: 60.849 Thread 0x000001de97cdfa50 Exception <a 'java/lang/ClassNotFoundException'{0x00000000c4054058}: org/gradle/api/internal/tasks/DefaultSourceSetContainer_DecoratedCustomizer> (0x00000000c4054058) 
thrown [s\src\hotspot\share\classfile\systemDictionary.cpp, line 312]
Event: 60.859 Thread 0x000001de97cdfa50 Exception <a 'java/lang/ClassNotFoundException'{0x00000000c40c8ee0}: org/gradle/api/internal/tasks/DefaultSourceSet_DecoratedBeanInfo> (0x00000000c40c8ee0) 
thrown [s\src\hotspot\share\classfile\systemDictionary.cpp, line 312]
Event: 60.860 Thread 0x000001de97cdfa50 Exception <a 'java/lang/ClassNotFoundException'{0x00000000c40dfce0}: org/gradle/api/internal/tasks/DefaultSourceSetBeanInfo> (0x00000000c40dfce0) 
thrown [s\src\hotspot\share\classfile\systemDictionary.cpp, line 312]
Event: 60.860 Thread 0x000001de97cdfa50 Exception <a 'java/lang/ClassNotFoundException'{0x00000000c40f6d10}: org/gradle/api/internal/tasks/DefaultSourceSetCustomizer> (0x00000000c40f6d10) 
thrown [s\src\hotspot\share\classfile\systemDictionary.cpp, line 312]
Event: 60.863 Thread 0x000001de97cdfa50 Exception <a 'java/lang/ClassNotFoundException'{0x00000000c3f30988}: org/gradle/api/internal/tasks/DefaultSourceSet_DecoratedCustomizer> (0x00000000c3f30988) 
thrown [s\src\hotspot\share\classfile\systemDictionary.cpp, line 312]

ZGC Phase Switch (0 events):
No events

VM Operations (20 events):
Event: 56.094 Executing VM operation: Cleanup
Event: 56.430 Executing VM operation: Cleanup done
Event: 57.148 Executing VM operation: HandshakeAllThreads (Deoptimize)
Event: 57.148 Executing VM operation: HandshakeAllThreads (Deoptimize) done
Event: 58.148 Executing VM operation: Cleanup
Event: 58.148 Executing VM operation: Cleanup done
Event: 58.271 Executing VM operation: G1CollectForAllocation (G1 Evacuation Pause)
Event: 58.281 Executing VM operation: G1CollectForAllocation (G1 Evacuation Pause) done
Event: 58.481 Executing VM operation: HandshakeAllThreads (Deoptimize)
Event: 58.481 Executing VM operation: HandshakeAllThreads (Deoptimize) done
Event: 58.960 Executing VM operation: G1CollectForAllocation (G1 Evacuation Pause)
Event: 58.980 Executing VM operation: G1CollectForAllocation (G1 Evacuation Pause) done
Event: 59.980 Executing VM operation: Cleanup
Event: 59.980 Executing VM operation: Cleanup done
Event: 60.067 Executing VM operation: HandshakeAllThreads (HandshakeForDeflation)
Event: 60.067 Executing VM operation: HandshakeAllThreads (HandshakeForDeflation) done
Event: 60.067 Executing VM operation: RendezvousGCThreads
Event: 60.067 Executing VM operation: RendezvousGCThreads done
Event: 60.882 Executing VM operation: G1CollectForAllocation (G1 Evacuation Pause)
Event: 60.900 Executing VM operation: G1CollectForAllocation (G1 Evacuation Pause) done

Memory protections (0 events):
No events

Nmethod flushes (20 events):
Event: 51.641 Thread 0x000001de518d0070 flushing  nmethod 0x000001de3f664610
Event: 51.641 Thread 0x000001de518d0070 flushing  nmethod 0x000001de3f665310
Event: 51.641 Thread 0x000001de518d0070 flushing  nmethod 0x000001de3f694c10
Event: 51.641 Thread 0x000001de518d0070 flushing  nmethod 0x000001de3f697210
Event: 51.641 Thread 0x000001de518d0070 flushing  nmethod 0x000001de3f698a10
Event: 51.641 Thread 0x000001de518d0070 flushing  nmethod 0x000001de3f6bc390
Event: 51.641 Thread 0x000001de518d0070 flushing  nmethod 0x000001de3f6bd110
Event: 51.641 Thread 0x000001de518d0070 flushing  nmethod 0x000001de3f6d7290
Event: 51.641 Thread 0x000001de518d0070 flushing  nmethod 0x000001de3f6d8210
Event: 51.641 Thread 0x000001de518d0070 flushing  nmethod 0x000001de3f786810
Event: 51.641 Thread 0x000001de518d0070 flushing  nmethod 0x000001de3f787510
Event: 51.641 Thread 0x000001de518d0070 flushing  nmethod 0x000001de3f788d90
Event: 51.641 Thread 0x000001de518d0070 flushing  nmethod 0x000001de3f789810
Event: 51.641 Thread 0x000001de518d0070 flushing  nmethod 0x000001de3f7bfd90
Event: 51.641 Thread 0x000001de518d0070 flushing  nmethod 0x000001de3f7e0190
Event: 51.641 Thread 0x000001de518d0070 flushing  nmethod 0x000001de3f861110
Event: 51.641 Thread 0x000001de518d0070 flushing  nmethod 0x000001de3f864490
Event: 51.641 Thread 0x000001de518d0070 flushing  nmethod 0x000001de3f8b1090
Event: 51.641 Thread 0x000001de518d0070 flushing  nmethod 0x000001de3f8d9610
Event: 51.641 Thread 0x000001de518d0070 flushing  nmethod 0x000001de3f97b410

Events (20 events):
Event: 21.870 Thread 0x000001de97cdfa50 Thread added: 0x000001de993d0880
Event: 21.871 Thread 0x000001de97cdfa50 Thread added: 0x000001de993d0f10
Event: 23.579 Thread 0x000001de97cdfa50 Thread added: 0x000001de993cfb60
Event: 23.714 Thread 0x000001de97cdfa50 Thread added: 0x000001de993d15a0
Event: 24.480 Thread 0x000001de97cdfa50 Thread added: 0x000001de993d1c30
Event: 24.654 Thread 0x000001de97cdfa50 Thread added: 0x000001de993d22c0
Event: 25.119 Thread 0x000001de97cdfa50 Thread added: 0x000001de993c7b40
Event: 33.623 Thread 0x000001de97cdfa50 Thread added: 0x000001de993cd720
Event: 34.121 Thread 0x000001de97cdfa50 Thread added: 0x000001de993c8860
Event: 34.849 Thread 0x000001de97cdfa50 Thread added: 0x000001de993cbce0
Event: 39.499 Thread 0x000001de97cdfa50 Thread added: 0x000001de993cca00
Event: 39.500 Thread 0x000001de97cdfa50 Thread added: 0x000001de993c81d0
Event: 39.501 Thread 0x000001de97cdfa50 Thread added: 0x000001de993ce440
Event: 39.800 Thread 0x000001de97cdfa50 Thread added: 0x000001de993cd090
Event: 39.803 Thread 0x000001de97cdfa50 Thread added: 0x000001de993cafc0
Event: 39.813 Thread 0x000001de97cdfa50 Thread added: 0x000001de993cf160
Event: 42.663 Thread 0x000001de97cdfa50 Thread added: 0x000001de993c8ef0
Event: 42.664 Thread 0x000001de97cdfa50 Thread added: 0x000001de993ca2a0
Event: 42.665 Thread 0x000001de97cdfa50 Thread added: 0x000001de993cead0
Event: 47.782 Thread 0x000001de97cdfa50 Thread added: 0x000001de993c9c10


Dynamic libraries:
0x00007ff726fd0000 - 0x00007ff726fde000 	E:\Java\jdk21\bin\java.exe
0x00007ff978f90000 - 0x00007ff979188000 	C:\Windows\SYSTEM32\ntdll.dll
0x00007ff978770000 - 0x00007ff978832000 	C:\Windows\System32\KERNEL32.DLL
0x00007ff9766c0000 - 0x00007ff9769b6000 	C:\Windows\System32\KERNELBASE.dll
0x00007ff976d00000 - 0x00007ff976e00000 	C:\Windows\System32\ucrtbase.dll
0x00007ff9521a0000 - 0x00007ff9521be000 	E:\Java\jdk21\bin\VCRUNTIME140.dll
0x00007ff952600000 - 0x00007ff952618000 	E:\Java\jdk21\bin\jli.dll
0x00007ff9776c0000 - 0x00007ff977861000 	C:\Windows\System32\USER32.dll
0x00007ff976ba0000 - 0x00007ff976bc2000 	C:\Windows\System32\win32u.dll
0x00007ff978ba0000 - 0x00007ff978bcb000 	C:\Windows\System32\GDI32.dll
0x00007ff963540000 - 0x00007ff9637db000 	C:\Windows\WinSxS\amd64_microsoft.windows.common-controls_6595b64144ccf1df_6.0.19041.6456_none_60b8a6cb71f64256\COMCTL32.dll
0x00007ff978eb0000 - 0x00007ff978f4e000 	C:\Windows\System32\msvcrt.dll
0x00007ff976e00000 - 0x00007ff976f19000 	C:\Windows\System32\gdi32full.dll
0x00007ff976620000 - 0x00007ff9766bd000 	C:\Windows\System32\msvcp_win.dll
0x00007ff977cf0000 - 0x00007ff977d1f000 	C:\Windows\System32\IMM32.DLL
0x00007ff96ec10000 - 0x00007ff96ec1c000 	E:\Java\jdk21\bin\vcruntime140_1.dll
0x00007ff952110000 - 0x00007ff952199000 	E:\Java\jdk21\bin\msvcp140.dll
0x00007ff8e54a0000 - 0x00007ff8e624d000 	E:\Java\jdk21\bin\server\jvm.dll
0x00007ff9775a0000 - 0x00007ff977651000 	C:\Windows\System32\ADVAPI32.dll
0x00007ff977d20000 - 0x00007ff977dbf000 	C:\Windows\System32\sechost.dll
0x00007ff977ee0000 - 0x00007ff978000000 	C:\Windows\System32\RPCRT4.dll
0x00007ff976c80000 - 0x00007ff976ca7000 	C:\Windows\System32\bcrypt.dll
0x00007ff977e70000 - 0x00007ff977edb000 	C:\Windows\System32\WS2_32.dll
0x00007ff975b20000 - 0x00007ff975b6b000 	C:\Windows\SYSTEM32\POWRPROF.dll
0x00007ff963eb0000 - 0x00007ff963ed7000 	C:\Windows\SYSTEM32\WINMM.dll
0x00007ff971790000 - 0x00007ff97179a000 	C:\Windows\SYSTEM32\VERSION.dll
0x00007ff9759e0000 - 0x00007ff9759f2000 	C:\Windows\SYSTEM32\UMPDC.dll
0x00007ff974e40000 - 0x00007ff974e52000 	C:\Windows\SYSTEM32\kernel.appcore.dll
0x00007ff952100000 - 0x00007ff95210a000 	E:\Java\jdk21\bin\jimage.dll
0x00007ff974930000 - 0x00007ff974b31000 	C:\Windows\SYSTEM32\DBGHELP.DLL
0x00007ff95f7b0000 - 0x00007ff95f7e4000 	C:\Windows\SYSTEM32\dbgcore.DLL
0x00007ff976f20000 - 0x00007ff976fa2000 	C:\Windows\System32\bcryptPrimitives.dll
0x00007ff951c20000 - 0x00007ff951c30000 	E:\Java\jdk21\bin\instrument.dll
0x00007ff9469e0000 - 0x00007ff946a01000 	E:\Java\jdk21\bin\java.dll
0x00007ff978000000 - 0x00007ff978770000 	C:\Windows\System32\SHELL32.dll
0x00007ff9740b0000 - 0x00007ff974855000 	C:\Windows\SYSTEM32\windows.storage.dll
0x00007ff978840000 - 0x00007ff978b94000 	C:\Windows\System32\combase.dll
0x00007ff976010000 - 0x00007ff97603b000 	C:\Windows\SYSTEM32\Wldp.dll
0x00007ff9774d0000 - 0x00007ff97759d000 	C:\Windows\System32\OLEAUT32.dll
0x00007ff977dc0000 - 0x00007ff977e6d000 	C:\Windows\System32\SHCORE.dll
0x00007ff978d60000 - 0x00007ff978dbb000 	C:\Windows\System32\shlwapi.dll
0x00007ff976510000 - 0x00007ff976534000 	C:\Windows\SYSTEM32\profapi.dll
0x00007ff9377a0000 - 0x00007ff937876000 	E:\Java\jdk21\bin\jsvml.dll
0x00007ff951c00000 - 0x00007ff951c18000 	E:\Java\jdk21\bin\zip.dll
0x00007ff946310000 - 0x00007ff946321000 	E:\Java\jdk21\bin\net.dll
0x00007ff96d140000 - 0x00007ff96d24a000 	C:\Windows\SYSTEM32\WINHTTP.dll
0x00007ff975d70000 - 0x00007ff975dda000 	C:\Windows\system32\mswsock.dll
0x00007ff9429e0000 - 0x00007ff9429f6000 	E:\Java\jdk21\bin\nio.dll
0x00007ff96e9d0000 - 0x00007ff96e9e0000 	E:\Java\jdk21\bin\verify.dll
0x00007ff946a10000 - 0x00007ff946a37000 	C:\Users\Bin\.gradle\native\660c5614fbf4a5f2a75b1949f50a0caf5cd603558e7d8a26e50b933a0cfb79d1\windows-amd64\native-platform.dll
0x00007ff942350000 - 0x00007ff9423c7000 	C:\Users\Bin\.gradle\native\0.2.8\x86_64-windows-gnu\gradle-fileevents.dll
0x00007ff96e750000 - 0x00007ff96e75a000 	E:\Java\jdk21\bin\management.dll
0x00007ff96e740000 - 0x00007ff96e74c000 	E:\Java\jdk21\bin\management_ext.dll
0x00007ff978e40000 - 0x00007ff978e48000 	C:\Windows\System32\PSAPI.DLL
0x00007ff975a00000 - 0x00007ff975a3b000 	C:\Windows\SYSTEM32\IPHLPAPI.DLL
0x00007ff977ce0000 - 0x00007ff977ce8000 	C:\Windows\System32\NSI.dll
0x00007ff96e730000 - 0x00007ff96e739000 	E:\Java\jdk21\bin\extnet.dll
0x00007ff975f60000 - 0x00007ff975f78000 	C:\Windows\SYSTEM32\CRYPTSP.dll
0x00007ff975620000 - 0x00007ff975658000 	C:\Windows\system32\rsaenh.dll
0x00007ff976490000 - 0x00007ff9764be000 	C:\Windows\SYSTEM32\USERENV.dll
0x00007ff975f80000 - 0x00007ff975f8c000 	C:\Windows\SYSTEM32\CRYPTBASE.dll
0x00007ff96e720000 - 0x00007ff96e72e000 	E:\Java\jdk21\bin\sunmscapi.dll
0x00007ff9769c0000 - 0x00007ff976b1d000 	C:\Windows\System32\CRYPT32.dll
0x00007ff976080000 - 0x00007ff9760a7000 	C:\Windows\SYSTEM32\ncrypt.dll
0x00007ff976040000 - 0x00007ff97607b000 	C:\Windows\SYSTEM32\NTASN1.dll
0x00007ff94faa0000 - 0x00007ff94faa7000 	C:\Windows\system32\wshunix.dll

JVMTI agents:
C:\Users\Bin\.gradle\wrapper\dists\gradle-9.2.1-bin\9fgc9dy84duywbml6zqd0l4mo\gradle-9.2.1\lib\agents\gradle-instrumentation-agent-9.2.1.jar path:E:\Java\jdk21\bin\instrument.dll, loaded, initialized, instrumentlib options:none

dbghelp: loaded successfully - version: 4.0.5 - missing functions: none
symbol engine: initialized successfully - sym options: 0x614 - pdb path: .;E:\Java\jdk21\bin;C:\Windows\SYSTEM32;C:\Windows\WinSxS\amd64_microsoft.windows.common-controls_6595b64144ccf1df_6.0.19041.6456_none_60b8a6cb71f64256;E:\Java\jdk21\bin\server;C:\Users\Bin\.gradle\native\660c5614fbf4a5f2a75b1949f50a0caf5cd603558e7d8a26e50b933a0cfb79d1\windows-amd64;C:\Users\Bin\.gradle\native\0.2.8\x86_64-windows-gnu

VM Arguments:
jvm_args: --add-opens=java.base/java.lang=ALL-UNNAMED --add-opens=java.base/java.lang.invoke=ALL-UNNAMED --add-opens=java.base/java.util=ALL-UNNAMED --add-opens=java.prefs/java.util.prefs=ALL-UNNAMED --add-exports=jdk.compiler/com.sun.tools.javac.api=ALL-UNNAMED --add-exports=jdk.compiler/com.sun.tools.javac.util=ALL-UNNAMED --add-opens=java.base/java.util=ALL-UNNAMED --add-opens=java.prefs/java.util.prefs=ALL-UNNAMED --add-opens=java.base/java.nio.charset=ALL-UNNAMED --add-opens=java.base/java.net=ALL-UNNAMED --add-opens=java.base/java.util.concurrent=ALL-UNNAMED --add-opens=java.base/java.util.concurrent.atomic=ALL-UNNAMED --add-opens=java.xml/javax.xml.namespace=ALL-UNNAMED --add-opens=java.base/java.time=ALL-UNNAMED -Xmx1G -Dfile.encoding=UTF-8 -Duser.country=CN -Duser.language=zh -Duser.variant -javaagent:C:\Users\Bin\.gradle\wrapper\dists\gradle-9.2.1-bin\9fgc9dy84duywbml6zqd0l4mo\gradle-9.2.1\lib\agents\gradle-instrumentation-agent-9.2.1.jar 
java_command: org.gradle.launcher.daemon.bootstrap.GradleDaemon 9.2.1
java_class_path (initial): C:\Users\Bin\.gradle\wrapper\dists\gradle-9.2.1-bin\9fgc9dy84duywbml6zqd0l4mo\gradle-9.2.1\lib\gradle-daemon-main-9.2.1.jar
Launcher Type: SUN_STANDARD

[Global flags]
     intx CICompilerCount                          = 3                                         {product} {ergonomic}
     uint ConcGCThreads                            = 1                                         {product} {ergonomic}
     uint G1ConcRefinementThreads                  = 4                                         {product} {ergonomic}
   size_t G1HeapRegionSize                         = 1048576                                   {product} {ergonomic}
    uintx GCDrainStackTargetSize                   = 64                                        {product} {ergonomic}
   size_t InitialHeapSize                          = 134217728                                 {product} {ergonomic}
   size_t MarkStackSize                            = 4194304                                   {product} {ergonomic}
   size_t MaxHeapSize                              = 1073741824                                {product} {command line}
   size_t MaxNewSize                               = 643825664                                 {product} {ergonomic}
   size_t MinHeapDeltaBytes                        = 1048576                                   {product} {ergonomic}
   size_t MinHeapSize                              = 8388608                                   {product} {ergonomic}
    uintx NonNMethodCodeHeapSize                   = 5832780                                {pd product} {ergonomic}
    uintx NonProfiledCodeHeapSize                  = 122912730                              {pd product} {ergonomic}
    uintx ProfiledCodeHeapSize                     = 122912730                              {pd product} {ergonomic}
    uintx ReservedCodeCacheSize                    = 251658240                              {pd product} {ergonomic}
     bool SegmentedCodeCache                       = true                                      {product} {ergonomic}
   size_t SoftMaxHeapSize                          = 1073741824                             {manageable} {ergonomic}
     bool UseCompressedOops                        = true                           {product lp64_product} {ergonomic}
     bool UseG1GC                                  = true                                      {product} {ergonomic}
     bool UseLargePagesIndividualAllocation        = false                                  {pd product} {ergonomic}

Logging:
Log output configuration:
 #0: stdout all=warning uptime,level,tags foldmultilines=false
 #1: stderr all=off uptime,level,tags foldmultilines=false

Release file:
IMPLEMENTOR="Microsoft" 
IMPLEMENTOR_VERSION="Microsoft-12574459" 
JAVA_RUNTIME_VERSION="21.0.9+10-LTS" 
JAVA_VERSION="21.0.9" 
JAVA_VERSION_DATE="2025-10-21" 
LIBC="default" 
MODULES="java.base java.compiler java.datatransfer java.xml java.prefs java.desktop java.instrument java.logging java.management java.security.sasl java.naming java.rmi java.management.rmi java.net.http java.scripting java.security.jgss java.transaction.xa java.sql java.sql.rowset java.xml.crypto java.se java.smartcardio jdk.accessibility jdk.internal.jvmstat jdk.attach jdk.charsets jdk.internal.opt jdk.zipfs jdk.compiler jdk.crypto.ec jdk.crypto.cryptoki jdk.crypto.mscapi jdk.dynalink jdk.internal.ed jdk.editpad jdk.hotspot.agent jdk.httpserver jdk.incubator.vector jdk.internal.le jdk.internal.vm.ci jdk.internal.vm.compiler jdk.internal.vm.compiler.management jdk.jartool jdk.javadoc jdk.jcmd jdk.management jdk.management.agent jdk.jconsole jdk.jdeps jdk.jdwp.agent jdk.jdi jdk.jfr jdk.jlink jdk.jpackage jdk.jshell jdk.jsobject jdk.jstatd jdk.localedata jdk.management.jfr jdk.naming.dns jdk.naming.rmi jdk.net jdk.nio.mapmode jdk.random jdk.sctp jdk.security.auth jdk.security.jgss jdk.unsupported jdk.unsupported.desktop jdk.xml.dom" 
OS_ARCH="x86_64" 
OS_NAME="Windows" 
SOURCE=".:git:e0bc49609000" 

Environment Variables:
JAVA_HOME=E:\Java\jdk21\
PATH=E:\Java\jdk21\bin\;C:\Windows\system32;C:\Windows;C:\Windows\System32\Wbem;C:\Windows\System32\WindowsPowerShell\v1.0\;C:\Windows\System32\OpenSSH\;E:\Microsoft VS Code\bin;E:\Java\17\bin\;E:\msys64\;E:\msys64\usr\bin\;E:\msys64\ucrt64\bin\;C:\ProgramData\chocolatey\bin;C:\Program Files (x86)\WiX Toolset v3.14\bin;E:\Git;E:\Git\bin;E:\Git\cmd;C:\Users\Bin\AppData\Local\Microsoft\WindowsApps
USERNAME=Bin
OS=Windows_NT
PROCESSOR_IDENTIFIER=Intel64 Family 6 Model 142 Stepping 9, GenuineIntel
TMP=C:\Users\Bin\AppData\Local\Temp
TEMP=C:\Users\Bin\AppData\Local\Temp




Periodic native trim disabled

---------------  S Y S T E M  ---------------

OS:
 Windows 10 , 64 bit Build 19041 (10.0.19041.5915)
OS uptime: 0 days 6:00 hours

CPU: total 4 (initial active 4) (2 cores per cpu, 2 threads per core) family 6 model 142 stepping 9 microcode 0xb4, cx8, cmov, fxsr, ht, mmx, 3dnowpref, sse, sse2, sse3, ssse3, sse4.1, sse4.2, popcnt, lzcnt, tsc, tscinvbit, avx, avx2, aes, erms, clmul, bmi1, bmi2, adx, fma, vzeroupper, clflush, clflushopt, rdtscp, f16c
Processor Information for the first 4 processors :
  Max Mhz: 2712, Current Mhz: 2511, Mhz Limit: 2495

Memory: 4k page, system-wide physical 8073M (179M free)
TotalPageFile size 18313M (AvailPageFile size 4M)
current process WorkingSet (physical memory assigned to process): 254M, peak: 268M
current process commit charge ("private bytes"): 328M, peak: 334M

vm_info: OpenJDK 64-Bit Server VM (21.0.9+10-LTS) for windows-amd64 JRE (21.0.9+10-LTS), built on 2025-10-13T22:04:36Z by "MicrosoftCorporation" with unknown MS VC++:1944

END.
